分类: 📺央视频道, 名称: CCTV-1, 总数: 248, 有效: 3, 有效率: 1.21%, IPv4: 234, IPv6: 14, 最小延迟: 684 ms, 最高速率: 0.90 M/s, 平均速率: 0.81 M/s, 最高分辨率: 1920x1080, 平均帧率: 34.62, 视频编解码器: h264, 音频编解码器: mp2
分类: 📺央视频道, 名称: CCTV-2, 总数: 202, 有效: 5, 有效率: 2.48%, IPv4: 188, IPv6: 14, 最小延迟: 666 ms, 最高速率: 1.04 M/s, 平均速率: 0.84 M/s, 最高分辨率: 1920x1080, 平均帧率: 29.17, 视频编解码器: h264, 音频编解码器: aac
分类: 📺央视频道, 名称: CCTV-3, 总数: 189, 有效: 2, 有效率: 1.06%, IPv4: 181, IPv6: 8, 最小延迟: 1039 ms, 最高速率: 1.06 M/s, 平均速率: 0.93 M/s, 最高分辨率: 1920x1080, 平均帧率: 36.54, 视频编解码器: h264, 音频编解码器: mp2
分类: 📺央视频道, 名称: CCTV-4, 总数: 202, 有效: 1, 有效率: 0.50%, IPv4: 185, IPv6: 17, 最小延迟: 685 ms, 最高速率: 0.83 M/s, 平均速率: 0.83 M/s, 最高分辨率: 1920x1080, 平均帧率: 31.67, 视频编解码器: h264, 音频编解码器: aac
分类: 📺央视频道, 名称: CCTV-5, 总数: 229, 有效: 3, 有效率: 1.31%, IPv4: 211, IPv6: 18, 最小延迟: 675 ms, 最高速率: 0.85 M/s, 平均速率: 0.82 M/s, 最高分辨率: 1920x1080, 平均帧率: 37.50, 视频编解码器: h264, 音频编解码器: mp2
分类: 📺央视频道, 名称: CCTV-5+, 总数: 157, 有效: 2, 有效率: 1.27%, IPv4: 147, IPv6: 10, 最小延迟: 591 ms, 最高速率: 0.72 M/s, 平均速率: 0.65 M/s, 最高分辨率: 1920x1080, 平均帧率: 28.12, 视频编解码器: h264, 音频编解码器: aac
分类: 📺央视频道, 名称: CCTV-6, 总数: 195, 有效: 4, 有效率: 2.05%, IPv4: 187, IPv6: 8, 最小延迟: 1044 ms, 最高速率: 1.00 M/s, 平均速率: 0.74 M/s, 最高分辨率: 1920x1080, 平均帧率: 32.14, 视频编解码器: h264, 音频编解码器: aac
分类: 📺央视频道, 名称: CCTV-7, 总数: 191, 有效: 3, 有效率: 1.57%, IPv4: 178, IPv6: 13, 最小延迟: 816 ms, 最高速率: 0.85 M/s, 平均速率: 0.69 M/s, 最高分辨率: 1920x1080, 平均帧率: 37.50, 视频编解码器: h264, 音频编解码器: mp2
分类: 📺央视频道, 名称: CCTV-8, 总数: 183, 有效: 2, 有效率: 1.09%, IPv4: 176, IPv6: 7, 最小延迟: 927 ms, 最高速率: 0.94 M/s, 平均速率: 0.94 M/s, 最高分辨率: 1920x1080, 平均帧率: 34.09, 视频编解码器: h264, 音频编解码器: aac
分类: 📺央视频道, 名称: CCTV-9, 总数: 191, 有效: 4, 有效率: 2.09%, IPv4: 178, IPv6: 13, 最小延迟: 1122 ms, 最高速率: 1.02 M/s, 平均速率: 0.68 M/s, 最高分辨率: 1920x1080, 平均帧率: 33.33, 视频编解码器: h264, 音频编解码器: mp2
分类: 📺央视频道, 名称: CCTV-10, 总数: 195, 有效: 3, 有效率: 1.54%, IPv4: 183, IPv6: 12, 最小延迟: 851 ms, 最高速率: 0.80 M/s, 平均速率: 0.67 M/s, 最高分辨率: 1920x1080, 平均帧率: 29.17, 视频编解码器: h264, 音频编解码器: aac
分类: 📺央视频道, 名称: CCTV-11, 总数: 174, 有效: 2, 有效率: 1.15%, IPv4: 163, IPv6: 11, 最小延迟: 554 ms, 最高速率: 0.85 M/s, 平均速率: 0.80 M/s, 最高分辨率: 1920x1080, 平均帧率: 38.64, 视频编解码器: h264, 音频编解码器: mp2
分类: 📺央视频道, 名称: CCTV-12, 总数: 204, 有效: 2, 有效率: 0.98%, IPv4: 188, IPv6: 16, 最小延迟: 608 ms, 最高速率: 0.80 M/s, 平均速率: 0.77 M/s, 最高分辨率: 1920x1080, 平均帧率: 34.62, 视频编解码器: h264, 音频编解码器: aac
分类: 📺央视频道, 名称: CCTV-13, 总数: 187, 有效: 3, 有效率: 1.60%, IPv4: 176, IPv6: 11, 最小延迟: 904 ms, 最高速率: 0.98 M/s, 平均速率: 0.84 M/s, 最高分辨率: 1920x1080, 平均帧率: 39.58, 视频编解码器: h264, 音频编解码器: mp2
分类: 📺央视频道, 名称: CCTV-14, 总数: 196, 有效: 3, 有效率: 1.53%, IPv4: 184, IPv6: 12, 最小延迟: 1163 ms, 最高速率: 0.75 M/s, 平均速率: 0.69 M/s, 最高分辨率: 1920x1080, 平均帧率: 33.33, 视频编解码器: h264, 音频编解码器: aac
分类: 📺央视频道, 名称: CCTV-15, 总数: 174, 有效: 1, 有效率: 0.57%, IPv4: 163, IPv6: 11, 最小延迟: 828 ms, 最高速率: 0.78 M/s, 平均速率: 0.78 M/s, 最高分辨率: 1920x1080, 平均帧率: 39.29, 视频编解码器: h264, 音频编解码器: mp2
分类: 📺央视频道, 名称: CCTV-16, 总数: 102, 有效: 2, 有效率: 1.96%, IPv4: 98, IPv6: 4, 最小延迟: 1091 ms, 最高速率: 1.12 M/s, 平均速率: 0.81 M/s, 最高分辨率: 1920x1080, 平均帧率: 25.00, 视频编解码器: h264, 音频编解码器: aac
分类: 📺央视频道, 名称: CCTV-17, 总数: 175, 有效: 1, 有效率: 0.57%, IPv4: 163, IPv6: 12, 最小延迟: 1143 ms, 最高速率: 0.86 M/s, 平均速率: 0.86 M/s, 最高分辨率: 1920x1080, 平均帧率: 25.00, 视频编解码器: h264, 音频编解码器: aac
分类: 📺央视频道, 名称: CETV-1, 总数: 90, 有效: 0, 有效率: 0.00%, IPv4: 88, IPv6: 2, 最小延迟: 2842 ms, 最高速率: 0.20 M/s, 平均速率: 0.00 M/s, 最高分辨率: 1920x1080, 平均帧率: 25.00, 视频编解码器: h264, 音频编解码器: mp2
分类: 📺央视频道, 名称: CETV-3, 总数: 3, 有效: 0, 有效率: 0.00%, IPv4: 2, IPv6: 1, 最小延迟: -1 ms, 最高速率: 0.00 M/s, 平均速率: 0.00 M/s, 最高分辨率: None, 平均帧率: 未知, 视频编解码器: 未知, 音频编解码器: 未知
分类: 📺央视频道, 名称: CETV-2, 总数: 43, 有效: 0, 有效率: 0.00%, IPv4: 43, IPv6: 0, 最小延迟: -1 ms, 最高速率: 0.00 M/s, 平均速率: 0.00 M/s, 最高分辨率: None, 平均帧率: 未知, 视频编解码器: 未知, 音频编解码器: 未知
分类: 📺央视频道, 名称: CETV-4, 总数: 70, 有效: 0, 有效率: 0.00%, IPv4: 70, IPv6: 0, 最小延迟: -1 ms, 最高速率: 0.00 M/s, 平均速率: 0.00 M/s, 最高分辨率: None, 平均帧率: 未知, 视频编解码器: 未知, 音频编解码器: 未知
分类: 📺央视频道, 名称: CCTV4欧洲, 总数: 37, 有效: 0, 有效率: 0.00%, IPv4: 37, IPv6: 0, 最小延迟: 1142 ms, 最高速率: 0.07 M/s, 平均速率: 0.00 M/s, 最高分辨率: 1920x1080, 平均帧率: 25.00, 视频编解码器: h264, 音频编解码器: mp2
分类: 💰央视付费频道, 名称: 文化精品, 总数: 26, 有效: 0, 有效率: 0.00%, IPv4: 25, IPv6: 1, 最小延迟: -1 ms, 最高速率: 0.00 M/s, 平均速率: 0.00 M/s, 最高分辨率: None, 平均帧率: 未知, 视频编解码器: 未知, 音频编解码器: 未知
分类: 📺央视频道, 名称: CCTV4美洲, 总数: 36, 有效: 1, 有效率: 2.78%, IPv4: 36, IPv6: 0, 最小延迟: 1169 ms, 最高速率: 0.56 M/s, 平均速率: 0.56 M/s, 最高分辨率: 1920x1080, 平均帧率: 25.00, 视频编解码器: h264, 音频编解码器: mp2
分类: 💰央视付费频道, 名称: 央视台球, 总数: 30, 有效: 0, 有效率: 0.00%, IPv4: 29, IPv6: 1, 最小延迟: 8523 ms, 最高速率: 0.04 M/s, 平均速率: 0.00 M/s, 最高分辨率: None, 平均帧率: 未知, 视频编解码器: 未知, 音频编解码器: 未知
分类: 💰央视付费频道, 名称: 风云音乐, 总数: 28, 有效: 0, 有效率: 0.00%, IPv4: 27, IPv6: 1, 最小延迟: 8114 ms, 最高速率: 0.07 M/s, 平均速率: 0.00 M/s, 最高分辨率: 1920x1080, 平均帧率: 50.00, 视频编解码器: h264, 音频编解码器: mp2
分类: 💰央视付费频道, 名称: 风云剧场, 总数: 33, 有效: 0, 有效率: 0.00%, IPv4: 32, IPv6: 1, 最小延迟: -1 ms, 最高速率: 0.00 M/s, 平均速率: 0.00 M/s, 最高分辨率: None, 平均帧率: 未知, 视频编解码器: 未知, 音频编解码器: 未知
分类: 💰央视付费频道, 名称: 第一剧场, 总数: 39, 有效: 0, 有效率: 0.00%, IPv4: 39, IPv6: 0, 最小延迟: 6958 ms, 最高速率: 0.11 M/s, 平均速率: 0.00 M/s, 最高分辨率: 1920x1080, 平均帧率: 50.00, 视频编解码器: h264, 音频编解码器: mp2
分类: 💰央视付费频道, 名称: 怀旧剧场, 总数: 34, 有效: 0, 有效率: 0.00%, IPv4: 33, IPv6: 1, 最小延迟: -1 ms, 最高速率: 0.00 M/s, 平均速率: 0.00 M/s, 最高分辨率: None, 平均帧率: 未知, 视频编解码器: 未知, 音频编解码器: 未知
分类: 💰央视付费频道, 名称: 女性时尚, 总数: 27, 有效: 0, 有效率: 0.00%, IPv4: 26, IPv6: 1, 最小延迟: -1 ms, 最高速率: 0.00 M/s, 平均速率: 0.00 M/s, 最高分辨率: None, 平均帧率: 未知, 视频编解码器: 未知, 音频编解码器: 未知
分类: 💰央视付费频道, 名称: 高尔夫网球, 总数: 28, 有效: 0, 有效率: 0.00%, IPv4: 27, IPv6: 1, 最小延迟: -1 ms, 最高速率: 0.00 M/s, 平均速率: 0.00 M/s, 最高分辨率: None, 平均帧率: 未知, 视频编解码器: 未知, 音频编解码器: 未知
分类: 💰央视付费频道, 名称: 电视指南, 总数: 2, 有效: 0, 有效率: 0.00%, IPv4: 2, IPv6: 0, 最小延迟: -1 ms, 最高速率: 0.00 M/s, 平均速率: 0.00 M/s, 最高分辨率: None, 平均帧率: 未知, 视频编解码器: 未知, 音频编解码器: 未知
分类: 💰央视付费频道, 名称: 风云足球, 总数: 30, 有效: 0, 有效率: 0.00%, IPv4: 29, IPv6: 1, 最小延迟: 8040 ms, 最高速率: 0.07 M/s, 平均速率: 0.00 M/s, 最高分辨率: 1920x1080, 平均帧率: 50.00, 视频编解码器: h264, 音频编解码器: aac
分类: Ⓜ️央视咪咕, 名称: CGTN阿语, 总数: 3, 有效: 0, 有效率: 0.00%, IPv4: 3, IPv6: 0, 最小延迟: -1 ms, 最高速率: 0.00 M/s, 平均速率: 0.00 M/s, 最高分辨率: None, 平均帧率: 未知, 视频编解码器: 未知, 音频编解码器: 未知
分类: 💰央视付费频道, 名称: 兵器科技, 总数: 27, 有效: 0, 有效率: 0.00%, IPv4: 27, IPv6: 0, 最小延迟: -1 ms, 最高速率: 0.00 M/s, 平均速率: 0.00 M/s, 最高分辨率: None, 平均帧率: 未知, 视频编解码器: 未知, 音频编解码器: 未知
分类: 💰央视付费频道, 名称: 世界地理, 总数: 30, 有效: 0, 有效率: 0.00%, IPv4: 29, IPv6: 1, 最小延迟: 1592 ms, 最高速率: 0.11 M/s, 平均速率: 0.00 M/s, 最高分辨率: 1920x1080, 平均帧率: 50.00, 视频编解码器: h264, 音频编解码器: mp2
分类: Ⓜ️央视咪咕, 名称: CGTN西语, 总数: 3, 有效: 0, 有效率: 0.00%, IPv4: 3, IPv6: 0, 最小延迟: 1413 ms, 最高速率: 0.25 M/s, 平均速率: 0.00 M/s, 最高分辨率: 854x480, 平均帧率: 25.00, 视频编解码器: h264, 音频编解码器: aac
分类: Ⓜ️央视咪咕, 名称: CGTN法语, 总数: 56, 有效: 0, 有效率: 0.00%, IPv4: 55, IPv6: 1, 最小延迟: 898 ms, 最高速率: 0.44 M/s, 平均速率: 0.00 M/s, 最高分辨率: 1920x1080, 平均帧率: 25.00, 视频编解码器: h264, 音频编解码器: aac
分类: ☘️湖北频道, 名称: 武汉1新闻综合, 总数: 1, 有效: 0, 有效率: 0.00%, IPv4: 1, IPv6: 0, 最小延迟: -1 ms, 最高速率: 0.00 M/s, 平均速率: 0.00 M/s, 最高分辨率: None, 平均帧率: 未知, 视频编解码器: 未知, 音频编解码器: 未知
分类: ☘️湖北频道, 名称: 武汉2电视剧, 总数: 1, 有效: 0, 有效率: 0.00%, IPv4: 1, IPv6: 0, 最小延迟: -1 ms, 最高速率: 0.00 M/s, 平均速率: 0.00 M/s, 最高分辨率: None, 平均帧率: 未知, 视频编解码器: 未知, 音频编解码器: 未知
分类: ☘️湖北频道, 名称: 武汉经济, 总数: 2, 有效: 0, 有效率: 0.00%, IPv4: 2, IPv6: 0, 最小延迟: -1 ms, 最高速率: 0.00 M/s, 平均速率: 0.00 M/s, 最高分辨率: None, 平均帧率: 未知, 视频编解码器: 未知, 音频编解码器: 未知
分类: ☘️湖北频道, 名称: 湖北经视, 总数: 3, 有效: 0, 有效率: 0.00%, IPv4: 3, IPv6: 0, 最小延迟: 1061 ms, 最高速率: 0.08 M/s, 平均速率: 0.00 M/s, 最高分辨率: 1920x1080, 平均帧率: 25.00, 视频编解码器: h264, 音频编解码器: aac
分类: ☘️湖北频道, 名称: 湖北生活, 总数: 2, 有效: 0, 有效率: 0.00%, IPv4: 1, IPv6: 1, 最小延迟: 1165 ms, 最高速率: 0.05 M/s, 平均速率: 0.00 M/s, 最高分辨率: 1920x1080, 平均帧率: 25.00, 视频编解码器: h264, 音频编解码器: aac
分类: ☘️湖北频道, 名称: 湖北教育, 总数: 2, 有效: 0, 有效率: 0.00%, IPv4: 1, IPv6: 1, 最小延迟: 896 ms, 最高速率: 0.05 M/s, 平均速率: 0.00 M/s, 最高分辨率: 1920x1080, 平均帧率: 25.00, 视频编解码器: h264, 音频编解码器: aac
分类: ☘️湖北频道, 名称: 湖北综合, 总数: 2, 有效: 0, 有效率: 0.00%, IPv4: 1, IPv6: 1, 最小延迟: 1172 ms, 最高速率: 0.04 M/s, 平均速率: 0.00 M/s, 最高分辨率: 1920x1080, 平均帧率: 25.00, 视频编解码器: h264, 音频编解码器: aac
分类: ☘️湖北频道, 名称: 湖北公共新闻, 总数: 3, 有效: 0, 有效率: 0.00%, IPv4: 3, IPv6: 0, 最小延迟: 965 ms, 最高速率: 0.02 M/s, 平均速率: 0.00 M/s, 最高分辨率: 1920x1080, 平均帧率: 25.00, 视频编解码器: h264, 音频编解码器: aac
分类: ☘️湖北频道, 名称: 湖北影视, 总数: 1, 有效: 0, 有效率: 0.00%, IPv4: 1, IPv6: 0, 最小延迟: 734 ms, 最高速率: 0.02 M/s, 平均速率: 0.00 M/s, 最高分辨率: 1920x1080, 平均帧率: 25.00, 视频编解码器: h264, 音频编解码器: aac
分类: ☘️湖北频道, 名称: 武汉文体, 总数: 3, 有效: 0, 有效率: 0.00%, IPv4: 3, IPv6: 0, 最小延迟: -1 ms, 最高速率: 0.00 M/s, 平均速率: 0.00 M/s, 最高分辨率: None, 平均帧率: 未知, 视频编解码器: 未知, 音频编解码器: 未知
分类: ☘️湖北频道, 名称: 湖北垄上, 总数: 2, 有效: 0, 有效率: 0.00%, IPv4: 1, IPv6: 1, 最小延迟: 919 ms, 最高速率: 0.02 M/s, 平均速率: 0.00 M/s, 最高分辨率: 1920x1080, 平均帧率: 25.00, 视频编解码器: h264, 音频编解码器: aac
分类: ☘️湖北频道, 名称: 十堰新闻, 总数: 2, 有效: 0, 有效率: 0.00%, IPv4: 2, IPv6: 0, 最小延迟: -1 ms, 最高速率: 0.00 M/s, 平均速率: 0.00 M/s, 最高分辨率: None, 平均帧率: 未知, 视频编解码器: 未知, 音频编解码器: 未知
分类: ☘️湖北频道, 名称: 武汉生活, 总数: 2, 有效: 0, 有效率: 0.00%, IPv4: 2, IPv6: 0, 最小延迟: -1 ms, 最高速率: 0.00 M/s, 平均速率: 0.00 M/s, 最高分辨率: None, 平均帧率: 未知, 视频编解码器: 未知, 音频编解码器: 未知
分类: ☘️湖北频道, 名称: 武汉教育, 总数: 2, 有效: 0, 有效率: 0.00%, IPv4: 2, IPv6: 0, 最小延迟: 1197 ms, 最高速率: 0.07 M/s, 平均速率: 0.00 M/s, 最高分辨率: 1920x1080, 平均帧率: 25.00, 视频编解码器: h264, 音频编解码器: aac
分类: ☘️湖北频道, 名称: 潜江综合, 总数: 1, 有效: 0, 有效率: 0.00%, IPv4: 1, IPv6: 0, 最小延迟: -1 ms, 最高速率: 0.00 M/s, 平均速率: 0.00 M/s, 最高分辨率: None, 平均帧率: 未知, 视频编解码器: 未知, 音频编解码器: 未知
分类: ☘️湖北频道, 名称: 武汉新闻, 总数: 1, 有效: 0, 有效率: 0.00%, IPv4: 1, IPv6: 0, 最小延迟: -1 ms, 最高速率: 0.00 M/s, 平均速率: 0.00 M/s, 最高分辨率: None, 平均帧率: 未知, 视频编解码器: 未知, 音频编解码器: 未知
分类: ☘️湖北频道, 名称: 武汉外语, 总数: 2, 有效: 0, 有效率: 0.00%, IPv4: 2, IPv6: 0, 最小延迟: -1 ms, 最高速率: 0.00 M/s, 平均速率: 0.00 M/s, 最高分辨率: None, 平均帧率: 未知, 视频编解码器: 未知, 音频编解码器: 未知
分类: ☘️湖北频道, 名称: 武汉新闻综合, 总数: 3, 有效: 0, 有效率: 0.00%, IPv4: 3, IPv6: 0, 最小延迟: 711 ms, 最高速率: 0.35 M/s, 平均速率: 0.00 M/s, 最高分辨率: 1920x1080, 平均帧率: 25.00, 视频编解码器: h264, 音频编解码器: mp2
分类: ☘️湖北频道, 名称: 荆门新闻综合, 总数: 4, 有效: 0, 有效率: 0.00%, IPv4: 0, IPv6: 4, 最小延迟: 2742 ms, 最高速率: 0.37 M/s, 平均速率: 0.00 M/s, 最高分辨率: 1920x1080, 平均帧率: 25.00, 视频编解码器: h264, 音频编解码器: aac
分类: ☘️湖北频道, 名称: 江夏新闻综合, 总数: 2, 有效: 0, 有效率: 0.00%, IPv4: 2, IPv6: 0, 最小延迟: 8354 ms, 最高速率: 0.03 M/s, 平均速率: 0.00 M/s, 最高分辨率: 720x576, 平均帧率: 25.00, 视频编解码器: h264, 音频编解码器: aac
分类: ☘️湖北频道, 名称: 崇阳综合, 总数: 1, 有效: 1, 有效率: 100.00%, IPv4: 1, IPv6: 0, 最小延迟: 8374 ms, 最高速率: 0.64 M/s, 平均速率: 0.64 M/s, 最高分辨率: 1920x1080, 平均帧率: 25.00, 视频编解码器: h264, 音频编解码器: aac
分类: 📡卫视咪咕, 名称: 浙江卫视, 总数: 174, 有效: 4, 有效率: 2.30%, IPv4: 159, IPv6: 15, 最小延迟: 1126 ms, 最高速率: 1.67 M/s, 平均速率: 0.96 M/s, 最高分辨率: 3840x2160, 平均帧率: 38.89, 视频编解码器: h264, 音频编解码器: aac
分类: 📡卫视咪咕, 名称: 北京卫视, 总数: 216, 有效: 3, 有效率: 1.39%, IPv4: 203, IPv6: 13, 最小延迟: 747 ms, 最高速率: 0.70 M/s, 平均速率: 0.59 M/s, 最高分辨率: 1920x1080, 平均帧率: 37.50, 视频编解码器: h264, 音频编解码器: aac
分类: 📡卫视咪咕, 名称: 江苏卫视, 总数: 182, 有效: 1, 有效率: 0.55%, IPv4: 167, IPv6: 15, 最小延迟: 1166 ms, 最高速率: 0.73 M/s, 平均速率: 0.73 M/s, 最高分辨率: 1920x1080, 平均帧率: 37.50, 视频编解码器: h264, 音频编解码器: mp2
分类: 📡卫视咪咕, 名称: 湖南卫视, 总数: 200, 有效: 4, 有效率: 2.00%, IPv4: 183, IPv6: 17, 最小延迟: 617 ms, 最高速率: 0.90 M/s, 平均速率: 0.68 M/s, 最高分辨率: 3840x2160, 平均帧率: 36.36, 视频编解码器: h264, 音频编解码器: mp2
分类: 📡卫视咪咕, 名称: 广东卫视, 总数: 197, 有效: 3, 有效率: 1.52%, IPv4: 181, IPv6: 16, 最小延迟: 1003 ms, 最高速率: 0.84 M/s, 平均速率: 0.78 M/s, 最高分辨率: 1920x1080, 平均帧率: 32.50, 视频编解码器: h264, 音频编解码器: mp2
分类: 📡卫视咪咕, 名称: 深圳卫视, 总数: 170, 有效: 4, 有效率: 2.35%, IPv4: 167, IPv6: 3, 最小延迟: 575 ms, 最高速率: 7.46 M/s, 平均速率: 2.40 M/s, 最高分辨率: 1920x1080, 平均帧率: 32.50, 视频编解码器: h264, 音频编解码器: mp2
分类: 📡卫视咪咕, 名称: 天津卫视, 总数: 182, 有效: 3, 有效率: 1.65%, IPv4: 166, IPv6: 16, 最小延迟: 580 ms, 最高速率: 6.99 M/s, 平均速率: 2.76 M/s, 最高分辨率: 1920x1080, 平均帧率: 29.17, 视频编解码器: h264, 音频编解码器: aac
分类: 📡卫视咪咕, 名称: 安徽卫视, 总数: 158, 有效: 2, 有效率: 1.27%, IPv4: 145, IPv6: 13, 最小延迟: 824 ms, 最高速率: 1.03 M/s, 平均速率: 0.83 M/s, 最高分辨率: 1920x1080, 平均帧率: 33.33, 视频编解码器: h264, 音频编解码器: aac
分类: 📡卫视咪咕, 名称: 山东卫视, 总数: 166, 有效: 2, 有效率: 1.20%, IPv4: 150, IPv6: 16, 最小延迟: 591 ms, 最高速率: 8.21 M/s, 平均速率: 4.47 M/s, 最高分辨率: 1920x1080, 平均帧率: 35.71, 视频编解码器: h264, 音频编解码器: mp2
分类: 📡卫视咪咕, 名称: 山西卫视, 总数: 71, 有效: 3, 有效率: 4.23%, IPv4: 69, IPv6: 2, 最小延迟: 1245 ms, 最高速率: 0.72 M/s, 平均速率: 0.64 M/s, 最高分辨率: 1920x1080, 平均帧率: 30.56, 视频编解码器: h264, 音频编解码器: aac
分类: 📡卫视咪咕, 名称: 辽宁卫视, 总数: 167, 有效: 3, 有效率: 1.80%, IPv4: 152, IPv6: 15, 最小延迟: 1177 ms, 最高速率: 0.77 M/s, 平均速率: 0.64 M/s, 最高分辨率: 1920x1080, 平均帧率: 39.29, 视频编解码器: h264, 音频编解码器: mp2
分类: 📡卫视咪咕, 名称: 河北卫视, 总数: 170, 有效: 3, 有效率: 1.76%, IPv4: 148, IPv6: 22, 最小延迟: 1074 ms, 最高速率: 0.74 M/s, 平均速率: 0.72 M/s, 最高分辨率: 1920x1080, 平均帧率: 33.33, 视频编解码器: h264, 音频编解码器: mp2
分类: 📡卫视咪咕, 名称: 河南卫视, 总数: 158, 有效: 3, 有效率: 1.90%, IPv4: 154, IPv6: 4, 最小延迟: 1002 ms, 最高速率: 1.10 M/s, 平均速率: 0.79 M/s, 最高分辨率: 1920x1080, 平均帧率: 40.91, 视频编解码器: h264, 音频编解码器: mp2
分类: 📡卫视咪咕, 名称: 江西卫视, 总数: 165, 有效: 4, 有效率: 2.42%, IPv4: 151, IPv6: 14, 最小延迟: 890 ms, 最高速率: 1.07 M/s, 平均速率: 0.77 M/s, 最高分辨率: 1920x1080, 平均帧率: 34.09, 视频编解码器: h264, 音频编解码器: mp2
分类: 📡卫视咪咕, 名称: 四川卫视, 总数: 160, 有效: 2, 有效率: 1.25%, IPv4: 152, IPv6: 8, 最小延迟: 1059 ms, 最高速率: 0.80 M/s, 平均速率: 0.73 M/s, 最高分辨率: 1920x1080, 平均帧率: 39.29, 视频编解码器: h264, 音频编解码器: mp2
分类: 📡卫视咪咕, 名称: 重庆卫视, 总数: 170, 有效: 2, 有效率: 1.18%, IPv4: 155, IPv6: 15, 最小延迟: 1082 ms, 最高速率: 0.93 M/s, 平均速率: 0.86 M/s, 最高分辨率: 1920x1080, 平均帧率: 34.09, 视频编解码器: h264, 音频编解码器: mp2
分类: 📡卫视咪咕, 名称: 贵州卫视, 总数: 158, 有效: 4, 有效率: 2.53%, IPv4: 143, IPv6: 15, 最小延迟: 917 ms, 最高速率: 0.86 M/s, 平均速率: 0.73 M/s, 最高分辨率: 1920x1080, 平均帧率: 40.62, 视频编解码器: h264, 音频编解码器: mp2
分类: 📡卫视咪咕, 名称: 湖北卫视, 总数: 178, 有效: 2, 有效率: 1.12%, IPv4: 163, IPv6: 15, 最小延迟: 1047 ms, 最高速率: 0.81 M/s, 平均速率: 0.66 M/s, 最高分辨率: 1920x1080, 平均帧率: 39.58, 视频编解码器: h264, 音频编解码器: mp2
分类: 📡卫视咪咕, 名称: 广西卫视, 总数: 137, 有效: 3, 有效率: 2.19%, IPv4: 131, IPv6: 6, 最小延迟: 547 ms, 最高速率: 6.02 M/s, 平均速率: 2.45 M/s, 最高分辨率: 1920x1080, 平均帧率: 32.14, 视频编解码器: h264, 音频编解码器: mp2
分类: 📡卫视咪咕, 名称: 云南卫视, 总数: 127, 有效: 2, 有效率: 1.57%, IPv4: 123, IPv6: 4, 最小延迟: 1252 ms, 最高速率: 0.67 M/s, 平均速率: 0.60 M/s, 最高分辨率: 1920x1080, 平均帧率: 35.71, 视频编解码器: h264, 音频编解码器: mp2
分类: 📡卫视咪咕, 名称: 东南卫视, 总数: 156, 有效: 2, 有效率: 1.28%, IPv4: 141, IPv6: 15, 最小延迟: 1082 ms, 最高速率: 0.80 M/s, 平均速率: 0.66 M/s, 最高分辨率: 1920x1080, 平均帧率: 35.71, 视频编解码器: h264, 音频编解码器: mp2
分类: 📡卫视咪咕, 名称: 海南卫视, 总数: 114, 有效: 0, 有效率: 0.00%, IPv4: 102, IPv6: 12, 最小延迟: 1082 ms, 最高速率: 0.29 M/s, 平均速率: 0.00 M/s, 最高分辨率: 720x576, 平均帧率: 30.00, 视频编解码器: h264, 音频编解码器: mp2
分类: 📡卫视咪咕, 名称: 青海卫视, 总数: 107, 有效: 0, 有效率: 0.00%, IPv4: 103, IPv6: 4, 最小延迟: 1121 ms, 最高速率: 0.55 M/s, 平均速率: 0.00 M/s, 最高分辨率: 720x576, 平均帧率: 31.25, 视频编解码器: h264, 音频编解码器: aac
分类: 📡卫视咪咕, 名称: 甘肃卫视, 总数: 110, 有效: 0, 有效率: 0.00%, IPv4: 103, IPv6: 7, 最小延迟: 1769 ms, 最高速率: 0.52 M/s, 平均速率: 0.00 M/s, 最高分辨率: 1920x1080, 平均帧率: 31.25, 视频编解码器: h264, 音频编解码器: mp2
分类: 📡卫视咪咕, 名称: 陕西卫视, 总数: 80, 有效: 0, 有效率: 0.00%, IPv4: 78, IPv6: 2, 最小延迟: 1144 ms, 最高速率: 0.45 M/s, 平均速率: 0.00 M/s, 最高分辨率: 1920x1080, 平均帧率: 37.50, 视频编解码器: h264, 音频编解码器: mp2
分类: 📡卫视咪咕, 名称: 宁夏卫视, 总数: 63, 有效: 0, 有效率: 0.00%, IPv4: 62, IPv6: 1, 最小延迟: 1182 ms, 最高速率: 0.70 M/s, 平均速率: 0.00 M/s, 最高分辨率: 720x576, 平均帧率: 37.50, 视频编解码器: h264, 音频编解码器: mp2
分类: 📡卫视咪咕, 名称: 新疆卫视, 总数: 60, 有效: 0, 有效率: 0.00%, IPv4: 59, IPv6: 1, 最小延迟: 1609 ms, 最高速率: 0.16 M/s, 平均速率: 0.00 M/s, 最高分辨率: 1920x1080, 平均帧率: 37.50, 视频编解码器: h264, 音频编解码器: mp2
分类: 📡卫视咪咕, 名称: 吉林卫视, 总数: 144, 有效: 1, 有效率: 0.69%, IPv4: 130, IPv6: 14, 最小延迟: 860 ms, 最高速率: 0.52 M/s, 平均速率: 0.52 M/s, 最高分辨率: 1920x1080, 平均帧率: 28.57, 视频编解码器: h264, 音频编解码器: mp2
分类: 📡卫视咪咕, 名称: 西藏卫视, 总数: 58, 有效: 2, 有效率: 3.45%, IPv4: 57, IPv6: 1, 最小延迟: 605 ms, 最高速率: 7.05 M/s, 平均速率: 3.97 M/s, 最高分辨率: 1920x1080, 平均帧率: 40.00, 视频编解码器: h264, 音频编解码器: mp2
分类: 📡卫视咪咕, 名称: 兵团卫视, 总数: 58, 有效: 0, 有效率: 0.00%, IPv4: 55, IPv6: 3, 最小延迟: 1309 ms, 最高速率: 0.48 M/s, 平均速率: 0.00 M/s, 最高分辨率: 1920x1080, 平均帧率: 33.33, 视频编解码器: h264, 音频编解码器: mp2
分类: 📡卫视咪咕, 名称: 东方卫视, 总数: 166, 有效: 2, 有效率: 1.20%, IPv4: 153, IPv6: 13, 最小延迟: 197 ms, 最高速率: 11.68 M/s, 平均速率: 6.11 M/s, 最高分辨率: 1920x1080, 平均帧率: 33.33, 视频编解码器: h264, 音频编解码器: aac
分类: 📡卫视频道, 名称: 香港卫视, 总数: 4, 有效: 0, 有效率: 0.00%, IPv4: 3, IPv6: 1, 最小延迟: 8726 ms, 最高速率: 0.36 M/s, 平均速率: 0.00 M/s, 最高分辨率: 1280x720, 平均帧率: 25.00, 视频编解码器: h264, 音频编解码器: aac
分类: 📡卫视频道, 名称: 黑龙江卫视, 总数: 165, 有效: 3, 有效率: 1.82%, IPv4: 149, IPv6: 16, 最小延迟: 1165 ms, 最高速率: 0.78 M/s, 平均速率: 0.73 M/s, 最高分辨率: 1920x1080, 平均帧率: 34.38, 视频编解码器: h264, 音频编解码器: mp2
分类: 📡卫视频道, 名称: 内蒙古卫视, 总数: 61, 有效: 0, 有效率: 0.00%, IPv4: 60, IPv6: 1, 最小延迟: 1023 ms, 最高速率: 0.54 M/s, 平均速率: 0.00 M/s, 最高分辨率: 720x576, 平均帧率: 25.00, 视频编解码器: h264, 音频编解码器: mp2
分类: 📡卫视频道, 名称: 三沙卫视, 总数: 57, 有效: 0, 有效率: 0.00%, IPv4: 54, IPv6: 3, 最小延迟: 1120 ms, 最高速率: 0.29 M/s, 平均速率: 0.00 M/s, 最高分辨率: 720x576, 平均帧率: 25.00, 视频编解码器: h264, 音频编解码器: aac
分类: 🌊港·澳·台, 名称: 翡翠台, 总数: 11, 有效: 1, 有效率: 9.09%, IPv4: 11, IPv6: 0, 最小延迟: 642 ms, 最高速率: 0.71 M/s, 平均速率: 0.71 M/s, 最高分辨率: 1920x1080, 平均帧率: 33.33, 视频编解码器: h264, 音频编解码器: aac
分类: 🌊港·澳·台, 名称: 凤凰中文, 总数: 34, 有效: 2, 有效率: 5.88%, IPv4: 34, IPv6: 0, 最小延迟: 157 ms, 最高速率: 42.70 M/s, 平均速率: 21.67 M/s, 最高分辨率: 1920x1080, 平均帧率: 25.00, 视频编解码器: h264, 音频编解码器: aac
分类: 🌊港·澳·台, 名称: 纬来育乐, 总数: 2, 有效: 0, 有效率: 0.00%, IPv4: 2, IPv6: 0, 最小延迟: -1 ms, 最高速率: 0.00 M/s, 平均速率: 0.00 M/s, 最高分辨率: None, 平均帧率: 未知, 视频编解码器: 未知, 音频编解码器: 未知
分类: 🌊港·澳·台, 名称: 纬来体育, 总数: 4, 有效: 0, 有效率: 0.00%, IPv4: 4, IPv6: 0, 最小延迟: -1 ms, 最高速率: 0.00 M/s, 平均速率: 0.00 M/s, 最高分辨率: None, 平均帧率: 未知, 视频编解码器: 未知, 音频编解码器: 未知
分类: 🌊港·澳·台, 名称: 三立新闻, 总数: 1, 有效: 0, 有效率: 0.00%, IPv4: 1, IPv6: 0, 最小延迟: -1 ms, 最高速率: 0.00 M/s, 平均速率: 0.00 M/s, 最高分辨率: None, 平均帧率: 未知, 视频编解码器: 未知, 音频编解码器: 未知
分类: 🌊港·澳·台, 名称: 凤凰资讯, 总数: 39, 有效: 2, 有效率: 5.13%, IPv4: 39, IPv6: 0, 最小延迟: 165 ms, 最高速率: 41.33 M/s, 平均速率: 20.99 M/s, 最高分辨率: 1920x1080, 平均帧率: 25.00, 视频编解码器: h264, 音频编解码器: aac
分类: 🌊港·澳·台, 名称: 凤凰卫视, 总数: 2, 有效: 1, 有效率: 50.00%, IPv4: 2, IPv6: 0, 最小延迟: 3809 ms, 最高速率: 0.82 M/s, 平均速率: 0.82 M/s, 最高分辨率: 1920x1080, 平均帧率: 25.00, 视频编解码器: h264, 音频编解码器: mp2
分类: 🌊港·澳·台, 名称: 东森超视, 总数: 5, 有效: 0, 有效率: 0.00%, IPv4: 5, IPv6: 0, 最小延迟: -1 ms, 最高速率: 0.00 M/s, 平均速率: 0.00 M/s, 最高分辨率: None, 平均帧率: 未知, 视频编解码器: 未知, 音频编解码器: 未知
分类: 🌊港·澳·台, 名称: Now剧集, 总数: 1, 有效: 0, 有效率: 0.00%, IPv4: 1, IPv6: 0, 最小延迟: -1 ms, 最高速率: 0.00 M/s, 平均速率: 0.00 M/s, 最高分辨率: None, 平均帧率: 未知, 视频编解码器: 未知, 音频编解码器: 未知
分类: 🌊港·澳·台, 名称: Now华剧, 总数: 1, 有效: 0, 有效率: 0.00%, IPv4: 1, IPv6: 0, 最小延迟: -1 ms, 最高速率: 0.00 M/s, 平均速率: 0.00 M/s, 最高分辨率: None, 平均帧率: 未知, 视频编解码器: 未知, 音频编解码器: 未知
分类: 🌊港·澳·台, 名称: 东森电影, 总数: 5, 有效: 0, 有效率: 0.00%, IPv4: 5, IPv6: 0, 最小延迟: -1 ms, 最高速率: 0.00 M/s, 平均速率: 0.00 M/s, 最高分辨率: None, 平均帧率: 未知, 视频编解码器: 未知, 音频编解码器: 未知
分类: 🌊港·澳·台, 名称: 凤凰香港, 总数: 8, 有效: 2, 有效率: 25.00%, IPv4: 8, IPv6: 0, 最小延迟: 88 ms, 最高速率: 58.14 M/s, 平均速率: 29.41 M/s, 最高分辨率: 1920x1080, 平均帧率: 25.00, 视频编解码器: hevc, 音频编解码器: aac
分类: 🌊港·澳·台, 名称: 无线新闻, 总数: 11, 有效: 2, 有效率: 18.18%, IPv4: 11, IPv6: 0, 最小延迟: 107 ms, 最高速率: 51.87 M/s, 平均速率: 41.68 M/s, 最高分辨率: 1920x1080, 平均帧率: 26.25, 视频编解码器: h264, 音频编解码器: aac
分类: 🎬电影频道, 名称: CHC家庭影院, 总数: 27, 有效: 1, 有效率: 3.70%, IPv4: 27, IPv6: 0, 最小延迟: 671 ms, 最高速率: 0.91 M/s, 平均速率: 0.91 M/s, 最高分辨率: 1920x1080, 平均帧率: 37.50, 视频编解码器: h264, 音频编解码器: aac
分类: 🎬电影频道, 名称: 沈腾, 总数: 1, 有效: 0, 有效率: 0.00%, IPv4: 1, IPv6: 0, 最小延迟: -1 ms, 最高速率: 0.00 M/s, 平均速率: 0.00 M/s, 最高分辨率: None, 平均帧率: 未知, 视频编解码器: 未知, 音频编解码器: 未知
分类: 🎬电影频道, 名称: 黄渤, 总数: 1, 有效: 0, 有效率: 0.00%, IPv4: 1, IPv6: 0, 最小延迟: -1 ms, 最高速率: 0.00 M/s, 平均速率: 0.00 M/s, 最高分辨率: None, 平均帧率: 未知, 视频编解码器: 未知, 音频编解码器: 未知
分类: 🎬电影频道, 名称: 李连杰, 总数: 1, 有效: 0, 有效率: 0.00%, IPv4: 1, IPv6: 0, 最小延迟: -1 ms, 最高速率: 0.00 M/s, 平均速率: 0.00 M/s, 最高分辨率: None, 平均帧率: 未知, 视频编解码器: 未知, 音频编解码器: 未知
分类: 🎬电影频道, 名称: CHC高清电影, 总数: 2, 有效: 0, 有效率: 0.00%, IPv4: 2, IPv6: 0, 最小延迟: -1 ms, 最高速率: 0.00 M/s, 平均速率: 0.00 M/s, 最高分辨率: None, 平均帧率: 未知, 视频编解码器: 未知, 音频编解码器: 未知
分类: 🎬电影频道, 名称: 周润发, 总数: 1, 有效: 0, 有效率: 0.00%, IPv4: 1, IPv6: 0, 最小延迟: -1 ms, 最高速率: 0.00 M/s, 平均速率: 0.00 M/s, 最高分辨率: None, 平均帧率: 未知, 视频编解码器: 未知, 音频编解码器: 未知
分类: 🎬电影频道, 名称: 洪金宝, 总数: 1, 有效: 0, 有效率: 0.00%, IPv4: 1, IPv6: 0, 最小延迟: -1 ms, 最高速率: 0.00 M/s, 平均速率: 0.00 M/s, 最高分辨率: None, 平均帧率: 未知, 视频编解码器: 未知, 音频编解码器: 未知
分类: 🎬电影频道, 名称: 陈情令, 总数: 1, 有效: 0, 有效率: 0.00%, IPv4: 1, IPv6: 0, 最小延迟: -1 ms, 最高速率: 0.00 M/s, 平均速率: 0.00 M/s, 最高分辨率: None, 平均帧率: 未知, 视频编解码器: 未知, 音频编解码器: 未知
分类: 🎬电影频道, 名称: 庆余年, 总数: 1, 有效: 0, 有效率: 0.00%, IPv4: 1, IPv6: 0, 最小延迟: -1 ms, 最高速率: 0.00 M/s, 平均速率: 0.00 M/s, 最高分辨率: None, 平均帧率: 未知, 视频编解码器: 未知, 音频编解码器: 未知
分类: 🎬电影频道, 名称: 封神榜, 总数: 2, 有效: 0, 有效率: 0.00%, IPv4: 2, IPv6: 0, 最小延迟: -1 ms, 最高速率: 0.00 M/s, 平均速率: 0.00 M/s, 最高分辨率: None, 平均帧率: 未知, 视频编解码器: 未知, 音频编解码器: 未知
分类: 🎬电影频道, 名称: 甄子丹, 总数: 1, 有效: 0, 有效率: 0.00%, IPv4: 1, IPv6: 0, 最小延迟: -1 ms, 最高速率: 0.00 M/s, 平均速率: 0.00 M/s, 最高分辨率: None, 平均帧率: 未知, 视频编解码器: 未知, 音频编解码器: 未知
分类: 🎬电影频道, 名称: 鹿鼎记, 总数: 1, 有效: 0, 有效率: 0.00%, IPv4: 1, IPv6: 0, 最小延迟: -1 ms, 最高速率: 0.00 M/s, 平均速率: 0.00 M/s, 最高分辨率: None, 平均帧率: 未知, 视频编解码器: 未知, 音频编解码器: 未知
分类: 🎬电影频道, 名称: 寻秦记, 总数: 2, 有效: 0, 有效率: 0.00%, IPv4: 2, IPv6: 0, 最小延迟: -1 ms, 最高速率: 0.00 M/s, 平均速率: 0.00 M/s, 最高分辨率: None, 平均帧率: 未知, 视频编解码器: 未知, 音频编解码器: 未知
分类: 🎬电影频道, 名称: 王晶, 总数: 2, 有效: 0, 有效率: 0.00%, IPv4: 2, IPv6: 0, 最小延迟: 1156 ms, 最高速率: 0.45 M/s, 平均速率: 0.00 M/s, 最高分辨率: 1280x720, 平均帧率: 25.00, 视频编解码器: h264, 音频编解码器: aac
分类: 🎬电影频道, 名称: 成龙, 总数: 2, 有效: 0, 有效率: 0.00%, IPv4: 2, IPv6: 0, 最小延迟: 1326 ms, 最高速率: 0.32 M/s, 平均速率: 0.00 M/s, 最高分辨率: 1280x544, 平均帧率: 25.00, 视频编解码器: h264, 音频编解码器: aac
分类: 🎬电影频道, 名称: 周星驰, 总数: 4, 有效: 1, 有效率: 25.00%, IPv4: 4, IPv6: 0, 最小延迟: 1513 ms, 最高速率: 0.60 M/s, 平均速率: 0.60 M/s, 最高分辨率: 1920x1080, 平均帧率: 24.00, 视频编解码器: h264, 音频编解码器: aac
分类: 🎬电影频道, 名称: 大时代, 总数: 1, 有效: 0, 有效率: 0.00%, IPv4: 1, IPv6: 0, 最小延迟: -1 ms, 最高速率: 0.00 M/s, 平均速率: 0.00 M/s, 最高分辨率: None, 平均帧率: 未知, 视频编解码器: 未知, 音频编解码器: 未知
分类: 🎬电影频道, 名称: 柳舟计, 总数: 1, 有效: 0, 有效率: 0.00%, IPv4: 1, IPv6: 0, 最小延迟: -1 ms, 最高速率: 0.00 M/s, 平均速率: 0.00 M/s, 最高分辨率: None, 平均帧率: 未知, 视频编解码器: 未知, 音频编解码器: 未知
分类: 🎬电影频道, 名称: 埋堆堆, 总数: 21, 有效: 0, 有效率: 0.00%, IPv4: 21, IPv6: 0, 最小延迟: -1 ms, 最高速率: 0.00 M/s, 平均速率: 0.00 M/s, 最高分辨率: None, 平均帧率: 未知, 视频编解码器: 未知, 音频编解码器: 未知
分类: 🎬电影频道, 名称: 洗冤录, 总数: 2, 有效: 0, 有效率: 0.00%, IPv4: 2, IPv6: 0, 最小延迟: -1 ms, 最高速率: 0.00 M/s, 平均速率: 0.00 M/s, 最高分辨率: None, 平均帧率: 未知, 视频编解码器: 未知, 音频编解码器: 未知
分类: 🎬电影频道, 名称: 创世纪, 总数: 2, 有效: 0, 有效率: 0.00%, IPv4: 2, IPv6: 0, 最小延迟: -1 ms, 最高速率: 0.00 M/s, 平均速率: 0.00 M/s, 最高分辨率: None, 平均帧率: 未知, 视频编解码器: 未知, 音频编解码器: 未知
分类: 🎬电影频道, 名称: 猫和老鼠动漫, 总数: 1, 有效: 0, 有效率: 0.00%, IPv4: 1, IPv6: 0, 最小延迟: -1 ms, 最高速率: 0.00 M/s, 平均速率: 0.00 M/s, 最高分辨率: None, 平均帧率: 未知, 视频编解码器: 未知, 音频编解码器: 未知
分类: 🎬电影频道, 名称: 金庸武侠, 总数: 1, 有效: 0, 有效率: 0.00%, IPv4: 1, IPv6: 0, 最小延迟: -1 ms, 最高速率: 0.00 M/s, 平均速率: 0.00 M/s, 最高分辨率: None, 平均帧率: 未知, 视频编解码器: 未知, 音频编解码器: 未知
分类: 🎬电影频道, 名称: 周星星, 总数: 1, 有效: 0, 有效率: 0.00%, IPv4: 1, IPv6: 0, 最小延迟: -1 ms, 最高速率: 0.00 M/s, 平均速率: 0.00 M/s, 最高分辨率: None, 平均帧率: 未知, 视频编解码器: 未知, 音频编解码器: 未知
分类: 🎬电影频道, 名称: 玄幻轮播, 总数: 1, 有效: 0, 有效率: 0.00%, IPv4: 1, IPv6: 0, 最小延迟: -1 ms, 最高速率: 0.00 M/s, 平均速率: 0.00 M/s, 最高分辨率: None, 平均帧率: 未知, 视频编解码器: 未知, 音频编解码器: 未知
分类: 🎬电影频道, 名称: 喜剧轮播, 总数: 1, 有效: 0, 有效率: 0.00%, IPv4: 1, IPv6: 0, 最小延迟: -1 ms, 最高速率: 0.00 M/s, 平均速率: 0.00 M/s, 最高分辨率: None, 平均帧率: 未知, 视频编解码器: 未知, 音频编解码器: 未知
分类: 🎬电影频道, 名称: 港片轮播, 总数: 1, 有效: 0, 有效率: 0.00%, IPv4: 1, IPv6: 0, 最小延迟: -1 ms, 最高速率: 0.00 M/s, 平均速率: 0.00 M/s, 最高分辨率: None, 平均帧率: 未知, 视频编解码器: 未知, 音频编解码器: 未知
分类: 🎬电影频道, 名称: 国产轮播, 总数: 1, 有效: 0, 有效率: 0.00%, IPv4: 1, IPv6: 0, 最小延迟: -1 ms, 最高速率: 0.00 M/s, 平均速率: 0.00 M/s, 最高分辨率: None, 平均帧率: 未知, 视频编解码器: 未知, 音频编解码器: 未知
分类: 🎬电影频道, 名称: 漫威轮播, 总数: 1, 有效: 0, 有效率: 0.00%, IPv4: 1, IPv6: 0, 最小延迟: -1 ms, 最高速率: 0.00 M/s, 平均速率: 0.00 M/s, 最高分辨率: None, 平均帧率: 未知, 视频编解码器: 未知, 音频编解码器: 未知
分类: 🎬电影频道, 名称: 古天乐, 总数: 2, 有效: 0, 有效率: 0.00%, IPv4: 2, IPv6: 0, 最小延迟: 1296 ms, 最高速率: 0.42 M/s, 平均速率: 0.00 M/s, 最高分辨率: 1920x1080, 平均帧率: 30.00, 视频编解码器: h264, 音频编解码器: aac
分类: 🎬电影频道, 名称: 宇宙轮播, 总数: 1, 有效: 0, 有效率: 0.00%, IPv4: 1, IPv6: 0, 最小延迟: -1 ms, 最高速率: 0.00 M/s, 平均速率: 0.00 M/s, 最高分辨率: None, 平均帧率: 未知, 视频编解码器: 未知, 音频编解码器: 未知
分类: 🎬电影频道, 名称: 怪兽轮播, 总数: 1, 有效: 0, 有效率: 0.00%, IPv4: 1, IPv6: 0, 最小延迟: -1 ms, 最高速率: 0.00 M/s, 平均速率: 0.00 M/s, 最高分辨率: None, 平均帧率: 未知, 视频编解码器: 未知, 音频编解码器: 未知
分类: 🎬电影频道, 名称: 武侠轮播, 总数: 1, 有效: 0, 有效率: 0.00%, IPv4: 1, IPv6: 0, 最小延迟: -1 ms, 最高速率: 0.00 M/s, 平均速率: 0.00 M/s, 最高分辨率: None, 平均帧率: 未知, 视频编解码器: 未知, 音频编解码器: 未知
分类: 🎬电影频道, 名称: CHC动作电影, 总数: 29, 有效: 0, 有效率: 0.00%, IPv4: 29, IPv6: 0, 最小延迟: 684 ms, 最高速率: 0.49 M/s, 平均速率: 0.00 M/s, 最高分辨率: 1920x1080, 平均帧率: 25.00, 视频编解码器: h264, 音频编解码器: aac
分类: 🎬电影频道, 名称: 警匪轮播, 总数: 1, 有效: 0, 有效率: 0.00%, IPv4: 1, IPv6: 0, 最小延迟: -1 ms, 最高速率: 0.00 M/s, 平均速率: 0.00 M/s, 最高分辨率: None, 平均帧率: 未知, 视频编解码器: 未知, 音频编解码器: 未知
分类: 🎬电影频道, 名称: 罪犯轮播, 总数: 1, 有效: 0, 有效率: 0.00%, IPv4: 1, IPv6: 0, 最小延迟: -1 ms, 最高速率: 0.00 M/s, 平均速率: 0.00 M/s, 最高分辨率: None, 平均帧率: 未知, 视频编解码器: 未知, 音频编解码器: 未知
分类: 🎬电影频道, 名称: 枪战轮播, 总数: 1, 有效: 0, 有效率: 0.00%, IPv4: 1, IPv6: 0, 最小延迟: -1 ms, 最高速率: 0.00 M/s, 平均速率: 0.00 M/s, 最高分辨率: None, 平均帧率: 未知, 视频编解码器: 未知, 音频编解码器: 未知
分类: 🎬电影频道, 名称: 盗墓轮播, 总数: 1, 有效: 0, 有效率: 0.00%, IPv4: 1, IPv6: 0, 最小延迟: -1 ms, 最高速率: 0.00 M/s, 平均速率: 0.00 M/s, 最高分辨率: None, 平均帧率: 未知, 视频编解码器: 未知, 音频编解码器: 未知
分类: 🎬电影频道, 名称: 救援轮播, 总数: 1, 有效: 0, 有效率: 0.00%, IPv4: 1, IPv6: 0, 最小延迟: -1 ms, 最高速率: 0.00 M/s, 平均速率: 0.00 M/s, 最高分辨率: None, 平均帧率: 未知, 视频编解码器: 未知, 音频编解码器: 未知
分类: 🎬电影频道, 名称: 谍战轮播, 总数: 1, 有效: 0, 有效率: 0.00%, IPv4: 1, IPv6: 0, 最小延迟: -1 ms, 最高速率: 0.00 M/s, 平均速率: 0.00 M/s, 最高分辨率: None, 平均帧率: 未知, 视频编解码器: 未知, 音频编解码器: 未知
分类: 🎬电影频道, 名称: 热血轮播, 总数: 1, 有效: 0, 有效率: 0.00%, IPv4: 1, IPv6: 0, 最小延迟: -1 ms, 最高速率: 0.00 M/s, 平均速率: 0.00 M/s, 最高分辨率: None, 平均帧率: 未知, 视频编解码器: 未知, 音频编解码器: 未知
分类: 🎬电影频道, 名称: 战争轮播, 总数: 1, 有效: 0, 有效率: 0.00%, IPv4: 1, IPv6: 0, 最小延迟: -1 ms, 最高速率: 0.00 M/s, 平均速率: 0.00 M/s, 最高分辨率: None, 平均帧率: 未知, 视频编解码器: 未知, 音频编解码器: 未知
分类: 🎬电影频道, 名称: 小鬼头轮播, 总数: 1, 有效: 0, 有效率: 0.00%, IPv4: 1, IPv6: 0, 最小延迟: -1 ms, 最高速率: 0.00 M/s, 平均速率: 0.00 M/s, 最高分辨率: None, 平均帧率: 未知, 视频编解码器: 未知, 音频编解码器: 未知
分类: 🎬电影频道, 名称: 海盗轮播, 总数: 1, 有效: 0, 有效率: 0.00%, IPv4: 1, IPv6: 0, 最小延迟: -1 ms, 最高速率: 0.00 M/s, 平均速率: 0.00 M/s, 最高分辨率: None, 平均帧率: 未知, 视频编解码器: 未知, 音频编解码器: 未知
分类: 🎬电影频道, 名称: 五福星轮播, 总数: 1, 有效: 0, 有效率: 0.00%, IPv4: 1, IPv6: 0, 最小延迟: -1 ms, 最高速率: 0.00 M/s, 平均速率: 0.00 M/s, 最高分辨率: None, 平均帧率: 未知, 视频编解码器: 未知, 音频编解码器: 未知
分类: 🎬电影频道, 名称: 金枝欲孽, 总数: 1, 有效: 0, 有效率: 0.00%, IPv4: 1, IPv6: 0, 最小延迟: -1 ms, 最高速率: 0.00 M/s, 平均速率: 0.00 M/s, 最高分辨率: None, 平均帧率: 未知, 视频编解码器: 未知, 音频编解码器: 未知
分类: 🎬电影频道, 名称: 神雕侠侣, 总数: 2, 有效: 0, 有效率: 0.00%, IPv4: 2, IPv6: 0, 最小延迟: -1 ms, 最高速率: 0.00 M/s, 平均速率: 0.00 M/s, 最高分辨率: None, 平均帧率: 未知, 视频编解码器: 未知, 音频编解码器: 未知
分类: 🎬电影频道, 名称: 如懿传轮播, 总数: 1, 有效: 0, 有效率: 0.00%, IPv4: 1, IPv6: 0, 最小延迟: -1 ms, 最高速率: 0.00 M/s, 平均速率: 0.00 M/s, 最高分辨率: None, 平均帧率: 未知, 视频编解码器: 未知, 音频编解码器: 未知
分类: 🎬电影频道, 名称: 寻秦记轮播, 总数: 1, 有效: 0, 有效率: 0.00%, IPv4: 1, IPv6: 0, 最小延迟: -1 ms, 最高速率: 0.00 M/s, 平均速率: 0.00 M/s, 最高分辨率: None, 平均帧率: 未知, 视频编解码器: 未知, 音频编解码器: 未知
分类: 🎬电影频道, 名称: JJ斗地主, 总数: 1, 有效: 0, 有效率: 0.00%, IPv4: 1, IPv6: 0, 最小延迟: -1 ms, 最高速率: 0.00 M/s, 平均速率: 0.00 M/s, 最高分辨率: None, 平均帧率: 未知, 视频编解码器: 未知, 音频编解码器: 未知
分类: 🎬电影频道, 名称: 芈月传轮播, 总数: 1, 有效: 0, 有效率: 0.00%, IPv4: 1, IPv6: 0, 最小延迟: -1 ms, 最高速率: 0.00 M/s, 平均速率: 0.00 M/s, 最高分辨率: None, 平均帧率: 未知, 视频编解码器: 未知, 音频编解码器: 未知
分类: 🎬电影频道, 名称: 许氏三杰, 总数: 2, 有效: 0, 有效率: 0.00%, IPv4: 2, IPv6: 0, 最小延迟: 1297 ms, 最高速率: 0.23 M/s, 平均速率: 0.00 M/s, 最高分辨率: 1024x576, 平均帧率: 25.00, 视频编解码器: h264, 音频编解码器: aac
分类: 🎬电影频道, 名称: 三国演义, 总数: 1, 有效: 0, 有效率: 0.00%, IPv4: 1, IPv6: 0, 最小延迟: -1 ms, 最高速率: 0.00 M/s, 平均速率: 0.00 M/s, 最高分辨率: None, 平均帧率: 未知, 视频编解码器: 未知, 音频编解码器: 未知
分类: 🎬电影频道, 名称: 梦华录轮播, 总数: 1, 有效: 0, 有效率: 0.00%, IPv4: 1, IPv6: 0, 最小延迟: -1 ms, 最高速率: 0.00 M/s, 平均速率: 0.00 M/s, 最高分辨率: None, 平均帧率: 未知, 视频编解码器: 未知, 音频编解码器: 未知
分类: 🎬电影频道, 名称: 征服轮播, 总数: 1, 有效: 0, 有效率: 0.00%, IPv4: 1, IPv6: 0, 最小延迟: -1 ms, 最高速率: 0.00 M/s, 平均速率: 0.00 M/s, 最高分辨率: None, 平均帧率: 未知, 视频编解码器: 未知, 音频编解码器: 未知
分类: 🎬电影频道, 名称: 铁梨花轮播, 总数: 1, 有效: 0, 有效率: 0.00%, IPv4: 1, IPv6: 0, 最小延迟: -1 ms, 最高速率: 0.00 M/s, 平均速率: 0.00 M/s, 最高分辨率: None, 平均帧率: 未知, 视频编解码器: 未知, 音频编解码器: 未知
分类: 🎬电影频道, 名称: 开端轮播, 总数: 1, 有效: 0, 有效率: 0.00%, IPv4: 1, IPv6: 0, 最小延迟: -1 ms, 最高速率: 0.00 M/s, 平均速率: 0.00 M/s, 最高分辨率: None, 平均帧率: 未知, 视频编解码器: 未知, 音频编解码器: 未知
分类: 🎬电影频道, 名称: 问心轮播, 总数: 1, 有效: 0, 有效率: 0.00%, IPv4: 1, IPv6: 0, 最小延迟: -1 ms, 最高速率: 0.00 M/s, 平均速率: 0.00 M/s, 最高分辨率: None, 平均帧率: 未知, 视频编解码器: 未知, 音频编解码器: 未知
分类: 🎬电影频道, 名称: 白鹿原轮播, 总数: 1, 有效: 0, 有效率: 0.00%, IPv4: 1, IPv6: 0, 最小延迟: -1 ms, 最高速率: 0.00 M/s, 平均速率: 0.00 M/s, 最高分辨率: None, 平均帧率: 未知, 视频编解码器: 未知, 音频编解码器: 未知
分类: 🎬电影频道, 名称: 国产悬疑, 总数: 2, 有效: 1, 有效率: 50.00%, IPv4: 2, IPv6: 0, 最小延迟: 1469 ms, 最高速率: 1.14 M/s, 平均速率: 1.14 M/s, 最高分辨率: 1920x1080, 平均帧率: 25.00, 视频编解码器: h264, 音频编解码器: aac
分类: 🎬电影频道, 名称: 长相思轮播, 总数: 1, 有效: 0, 有效率: 0.00%, IPv4: 1, IPv6: 0, 最小延迟: -1 ms, 最高速率: 0.00 M/s, 平均速率: 0.00 M/s, 最高分辨率: None, 平均帧率: 未知, 视频编解码器: 未知, 音频编解码器: 未知
分类: 🎬电影频道, 名称: 龙珠轮播, 总数: 1, 有效: 0, 有效率: 0.00%, IPv4: 1, IPv6: 0, 最小延迟: -1 ms, 最高速率: 0.00 M/s, 平均速率: 0.00 M/s, 最高分辨率: None, 平均帧率: 未知, 视频编解码器: 未知, 音频编解码器: 未知
分类: 🎬电影频道, 名称: 将夜轮播, 总数: 1, 有效: 0, 有效率: 0.00%, IPv4: 1, IPv6: 0, 最小延迟: -1 ms, 最高速率: 0.00 M/s, 平均速率: 0.00 M/s, 最高分辨率: None, 平均帧率: 未知, 视频编解码器: 未知, 音频编解码器: 未知
分类: 🎬电影频道, 名称: 大染坊轮播, 总数: 1, 有效: 0, 有效率: 0.00%, IPv4: 1, IPv6: 0, 最小延迟: -1 ms, 最高速率: 0.00 M/s, 平均速率: 0.00 M/s, 最高分辨率: None, 平均帧率: 未知, 视频编解码器: 未知, 音频编解码器: 未知
分类: 🎬电影频道, 名称: 家有儿女, 总数: 1, 有效: 0, 有效率: 0.00%, IPv4: 1, IPv6: 0, 最小延迟: -1 ms, 最高速率: 0.00 M/s, 平均速率: 0.00 M/s, 最高分辨率: None, 平均帧率: 未知, 视频编解码器: 未知, 音频编解码器: 未知
分类: 🎬电影频道, 名称: 电视剧十一道, 总数: 2, 有效: 0, 有效率: 0.00%, IPv4: 2, IPv6: 0, 最小延迟: -1 ms, 最高速率: 0.00 M/s, 平均速率: 0.00 M/s, 最高分辨率: None, 平均帧率: 未知, 视频编解码器: 未知, 音频编解码器: 未知
分类: 🎬电影频道, 名称: 探案剧专区, 总数: 1, 有效: 0, 有效率: 0.00%, IPv4: 1, IPv6: 0, 最小延迟: -1 ms, 最高速率: 0.00 M/s, 平均速率: 0.00 M/s, 最高分辨率: None, 平均帧率: 未知, 视频编解码器: 未知, 音频编解码器: 未知
分类: 🎬电影频道, 名称: 都市剧专区, 总数: 1, 有效: 0, 有效率: 0.00%, IPv4: 1, IPv6: 0, 最小延迟: -1 ms, 最高速率: 0.00 M/s, 平均速率: 0.00 M/s, 最高分辨率: None, 平均帧率: 未知, 视频编解码器: 未知, 音频编解码器: 未知
分类: 🎬电影频道, 名称: 刑侦剧专区, 总数: 1, 有效: 0, 有效率: 0.00%, IPv4: 1, IPv6: 0, 最小延迟: -1 ms, 最高速率: 0.00 M/s, 平均速率: 0.00 M/s, 最高分辨率: None, 平均帧率: 未知, 视频编解码器: 未知, 音频编解码器: 未知
分类: 🎬电影频道, 名称: 家庭剧专区, 总数: 1, 有效: 0, 有效率: 0.00%, IPv4: 1, IPv6: 0, 最小延迟: -1 ms, 最高速率: 0.00 M/s, 平均速率: 0.00 M/s, 最高分辨率: None, 平均帧率: 未知, 视频编解码器: 未知, 音频编解码器: 未知
分类: 🎬电影频道, 名称: 经典剧专区, 总数: 1, 有效: 0, 有效率: 0.00%, IPv4: 1, IPv6: 0, 最小延迟: -1 ms, 最高速率: 0.00 M/s, 平均速率: 0.00 M/s, 最高分辨率: None, 平均帧率: 未知, 视频编解码器: 未知, 音频编解码器: 未知
分类: 🎬电影频道, 名称: 喜剧专场, 总数: 2, 有效: 0, 有效率: 0.00%, IPv4: 2, IPv6: 0, 最小延迟: 1148 ms, 最高速率: 0.24 M/s, 平均速率: 0.00 M/s, 最高分辨率: 1280x720, 平均帧率: 25.00, 视频编解码器: h264, 音频编解码器: aac
分类: 🎬电影频道, 名称: 抗战剧专区, 总数: 1, 有效: 0, 有效率: 0.00%, IPv4: 1, IPv6: 0, 最小延迟: -1 ms, 最高速率: 0.00 M/s, 平均速率: 0.00 M/s, 最高分辨率: None, 平均帧率: 未知, 视频编解码器: 未知, 音频编解码器: 未知
分类: 🎬电影频道, 名称: 僵尸剧专区, 总数: 1, 有效: 0, 有效率: 0.00%, IPv4: 1, IPv6: 0, 最小延迟: -1 ms, 最高速率: 0.00 M/s, 平均速率: 0.00 M/s, 最高分辨率: None, 平均帧率: 未知, 视频编解码器: 未知, 音频编解码器: 未知
分类: 🎬电影频道, 名称: 怀旧剧专区, 总数: 1, 有效: 0, 有效率: 0.00%, IPv4: 1, IPv6: 0, 最小延迟: -1 ms, 最高速率: 0.00 M/s, 平均速率: 0.00 M/s, 最高分辨率: None, 平均帧率: 未知, 视频编解码器: 未知, 音频编解码器: 未知
分类: 🎬电影频道, 名称: 台湾剧专区, 总数: 1, 有效: 0, 有效率: 0.00%, IPv4: 1, IPv6: 0, 最小延迟: -1 ms, 最高速率: 0.00 M/s, 平均速率: 0.00 M/s, 最高分辨率: None, 平均帧率: 未知, 视频编解码器: 未知, 音频编解码器: 未知
分类: 🎬电影频道, 名称: 韩国剧专区, 总数: 1, 有效: 0, 有效率: 0.00%, IPv4: 1, IPv6: 0, 最小延迟: -1 ms, 最高速率: 0.00 M/s, 平均速率: 0.00 M/s, 最高分辨率: None, 平均帧率: 未知, 视频编解码器: 未知, 音频编解码器: 未知
分类: 🎬电影频道, 名称: 美国剧专区, 总数: 1, 有效: 0, 有效率: 0.00%, IPv4: 1, IPv6: 0, 最小延迟: -1 ms, 最高速率: 0.00 M/s, 平均速率: 0.00 M/s, 最高分辨率: None, 平均帧率: 未知, 视频编解码器: 未知, 音频编解码器: 未知
分类: 🎬电影频道, 名称: 英国剧专区, 总数: 1, 有效: 0, 有效率: 0.00%, IPv4: 1, IPv6: 0, 最小延迟: -1 ms, 最高速率: 0.00 M/s, 平均速率: 0.00 M/s, 最高分辨率: None, 平均帧率: 未知, 视频编解码器: 未知, 音频编解码器: 未知
分类: 🎬电影频道, 名称: 校园剧专区, 总数: 1, 有效: 0, 有效率: 0.00%, IPv4: 1, IPv6: 0, 最小延迟: -1 ms, 最高速率: 0.00 M/s, 平均速率: 0.00 M/s, 最高分辨率: None, 平均帧率: 未知, 视频编解码器: 未知, 音频编解码器: 未知
分类: 🎬电影频道, 名称: 女神系列, 总数: 2, 有效: 0, 有效率: 0.00%, IPv4: 2, IPv6: 0, 最小延迟: 1404 ms, 最高速率: 0.23 M/s, 平均速率: 0.00 M/s, 最高分辨率: 640x368, 平均帧率: 30.00, 视频编解码器: h264, 音频编解码器: aac
分类: 🎬电影频道, 名称: 谍战剧专区, 总数: 1, 有效: 0, 有效率: 0.00%, IPv4: 1, IPv6: 0, 最小延迟: -1 ms, 最高速率: 0.00 M/s, 平均速率: 0.00 M/s, 最高分辨率: None, 平均帧率: 未知, 视频编解码器: 未知, 音频编解码器: 未知
分类: 🎬电影频道, 名称: 乡村剧专区, 总数: 1, 有效: 0, 有效率: 0.00%, IPv4: 1, IPv6: 0, 最小延迟: -1 ms, 最高速率: 0.00 M/s, 平均速率: 0.00 M/s, 最高分辨率: None, 平均帧率: 未知, 视频编解码器: 未知, 音频编解码器: 未知
分类: 🎬电影频道, 名称: 古装剧专区, 总数: 1, 有效: 0, 有效率: 0.00%, IPv4: 1, IPv6: 0, 最小延迟: -1 ms, 最高速率: 0.00 M/s, 平均速率: 0.00 M/s, 最高分辨率: None, 平均帧率: 未知, 视频编解码器: 未知, 音频编解码器: 未知
分类: 🎬电影频道, 名称: 淘剧场, 总数: 2, 有效: 0, 有效率: 0.00%, IPv4: 1, IPv6: 1, 最小延迟: -1 ms, 最高速率: 0.00 M/s, 平均速率: 0.00 M/s, 最高分辨率: None, 平均帧率: 未知, 视频编解码器: 未知, 音频编解码器: 未知
分类: 🎬电影频道, 名称: 淘娱乐, 总数: 2, 有效: 0, 有效率: 0.00%, IPv4: 1, IPv6: 1, 最小延迟: -1 ms, 最高速率: 0.00 M/s, 平均速率: 0.00 M/s, 最高分辨率: None, 平均帧率: 未知, 视频编解码器: 未知, 音频编解码器: 未知
分类: 🎬电影频道, 名称: 偶像剧专区, 总数: 1, 有效: 0, 有效率: 0.00%, IPv4: 1, IPv6: 0, 最小延迟: -1 ms, 最高速率: 0.00 M/s, 平均速率: 0.00 M/s, 最高分辨率: None, 平均帧率: 未知, 视频编解码器: 未知, 音频编解码器: 未知
分类: 🎬电影频道, 名称: 爱情剧专区, 总数: 1, 有效: 0, 有效率: 0.00%, IPv4: 1, IPv6: 0, 最小延迟: -1 ms, 最高速率: 0.00 M/s, 平均速率: 0.00 M/s, 最高分辨率: None, 平均帧率: 未知, 视频编解码器: 未知, 音频编解码器: 未知
分类: 🎬电影频道, 名称: 武侠剧专区, 总数: 1, 有效: 0, 有效率: 0.00%, IPv4: 1, IPv6: 0, 最小延迟: -1 ms, 最高速率: 0.00 M/s, 平均速率: 0.00 M/s, 最高分辨率: None, 平均帧率: 未知, 视频编解码器: 未知, 音频编解码器: 未知
分类: 🎬电影频道, 名称: 穿越剧专区, 总数: 1, 有效: 0, 有效率: 0.00%, IPv4: 1, IPv6: 0, 最小延迟: -1 ms, 最高速率: 0.00 M/s, 平均速率: 0.00 M/s, 最高分辨率: None, 平均帧率: 未知, 视频编解码器: 未知, 音频编解码器: 未知
分类: 🎬电影频道, 名称: 年代剧专区, 总数: 1, 有效: 0, 有效率: 0.00%, IPv4: 1, IPv6: 0, 最小延迟: -1 ms, 最高速率: 0.00 M/s, 平均速率: 0.00 M/s, 最高分辨率: None, 平均帧率: 未知, 视频编解码器: 未知, 音频编解码器: 未知
分类: 🎬电影频道, 名称: 搞笑剧专区, 总数: 1, 有效: 0, 有效率: 0.00%, IPv4: 1, IPv6: 0, 最小延迟: -1 ms, 最高速率: 0.00 M/s, 平均速率: 0.00 M/s, 最高分辨率: None, 平均帧率: 未知, 视频编解码器: 未知, 音频编解码器: 未知
分类: 🎬电影频道, 名称: NewTV动作电影, 总数: 3, 有效: 0, 有效率: 0.00%, IPv4: 2, IPv6: 1, 最小延迟: -1 ms, 最高速率: 0.00 M/s, 平均速率: 0.00 M/s, 最高分辨率: None, 平均帧率: 未知, 视频编解码器: 未知, 音频编解码器: 未知
分类: 🎬电影频道, 名称: 林正英, 总数: 2, 有效: 0, 有效率: 0.00%, IPv4: 2, IPv6: 0, 最小延迟: 1124 ms, 最高速率: 0.14 M/s, 平均速率: 0.00 M/s, 最高分辨率: 624x352, 平均帧率: 25.00, 视频编解码器: h264, 音频编解码器: aac
分类: 🎬电影频道, 名称: 淘电影, 总数: 1, 有效: 0, 有效率: 0.00%, IPv4: 1, IPv6: 0, 最小延迟: -1 ms, 最高速率: 0.00 M/s, 平均速率: 0.00 M/s, 最高分辨率: None, 平均帧率: 未知, 视频编解码器: 未知, 音频编解码器: 未知
分类: 🎬电影频道, 名称: 纬来电影, 总数: 2, 有效: 0, 有效率: 0.00%, IPv4: 2, IPv6: 0, 最小延迟: -1 ms, 最高速率: 0.00 M/s, 平均速率: 0.00 M/s, 最高分辨率: None, 平均帧率: 未知, 视频编解码器: 未知, 音频编解码器: 未知
分类: 🎬电影频道, 名称: NewTV惊悚悬疑, 总数: 8, 有效: 0, 有效率: 0.00%, IPv4: 7, IPv6: 1, 最小延迟: -1 ms, 最高速率: 0.00 M/s, 平均速率: 0.00 M/s, 最高分辨率: None, 平均帧率: 未知, 视频编解码器: 未知, 音频编解码器: 未知
分类: 🎬电影频道, 名称: 刘德华, 总数: 3, 有效: 0, 有效率: 0.00%, IPv4: 2, IPv6: 1, 最小延迟: 126 ms, 最高速率: 1.11 M/s, 平均速率: 0.00 M/s, 最高分辨率: 1280x720, 平均帧率: 25.00, 视频编解码器: h264, 音频编解码器: aac
分类: 🎬电影频道, 名称: IPTV经典电影, 总数: 1, 有效: 0, 有效率: 0.00%, IPv4: 1, IPv6: 0, 最小延迟: -1 ms, 最高速率: 0.00 M/s, 平均速率: 0.00 M/s, 最高分辨率: None, 平均帧率: 未知, 视频编解码器: 未知, 音频编解码器: 未知
分类: 🎬电影频道, 名称: 黑莓电影, 总数: 11, 有效: 0, 有效率: 0.00%, IPv4: 8, IPv6: 3, 最小延迟: -1 ms, 最高速率: 0.00 M/s, 平均速率: 0.00 M/s, 最高分辨率: None, 平均帧率: 未知, 视频编解码器: 未知, 音频编解码器: 未知
分类: 🎬电影频道, 名称: 无线星河, 总数: 2, 有效: 0, 有效率: 0.00%, IPv4: 2, IPv6: 0, 最小延迟: 91 ms, 最高速率: 31.62 M/s, 平均速率: 0.00 M/s, 最高分辨率: 1280x720, 平均帧率: 25.00, 视频编解码器: h264, 音频编解码器: aac
分类: 🎬电影频道, 名称: 经典电影, 总数: 4, 有效: 0, 有效率: 0.00%, IPv4: 3, IPv6: 1, 最小延迟: -1 ms, 最高速率: 0.00 M/s, 平均速率: 0.00 M/s, 最高分辨率: None, 平均帧率: 未知, 视频编解码器: 未知, 音频编解码器: 未知
分类: 🎬电影频道, 名称: 天映经典, 总数: 2, 有效: 0, 有效率: 0.00%, IPv4: 2, IPv6: 0, 最小延迟: 65 ms, 最高速率: 74.40 M/s, 平均速率: 0.00 M/s, 最高分辨率: 1280x720, 平均帧率: 30.00, 视频编解码器: h264, 音频编解码器: aac
分类: 🎬电影频道, 名称: 星空卫视, 总数: 17, 有效: 0, 有效率: 0.00%, IPv4: 17, IPv6: 0, 最小延迟: 2739 ms, 最高速率: 0.20 M/s, 平均速率: 0.00 M/s, 最高分辨率: 1920x1080, 平均帧率: 25.00, 视频编解码器: h264, 音频编解码器: mp2
分类: 🎬电影频道, 名称: 龙祥电影, 总数: 7, 有效: 0, 有效率: 0.00%, IPv4: 7, IPv6: 0, 最小延迟: -1 ms, 最高速率: 0.00 M/s, 平均速率: 0.00 M/s, 最高分辨率: None, 平均帧率: 未知, 视频编解码器: 未知, 音频编解码器: 未知
分类: 🎬电影频道, 名称: 东森洋片, 总数: 6, 有效: 0, 有效率: 0.00%, IPv4: 6, IPv6: 0, 最小延迟: -1 ms, 最高速率: 0.00 M/s, 平均速率: 0.00 M/s, 最高分辨率: None, 平均帧率: 未知, 视频编解码器: 未知, 音频编解码器: 未知
分类: 🏍咪咕体育, 名称: 睛彩青少, 总数: 13, 有效: 1, 有效率: 7.69%, IPv4: 13, IPv6: 0, 最小延迟: 4204 ms, 最高速率: 2.49 M/s, 平均速率: 2.49 M/s, 最高分辨率: 1920x1080, 平均帧率: 25.00, 视频编解码器: h264, 音频编解码器: aac
分类: 🏍咪咕体育, 名称: 睛彩篮球, 总数: 23, 有效: 1, 有效率: 4.35%, IPv4: 23, IPv6: 0, 最小延迟: 636 ms, 最高速率: 1.96 M/s, 平均速率: 1.96 M/s, 最高分辨率: 1920x1080, 平均帧率: 25.00, 视频编解码器: h264, 音频编解码器: aac
分类: 🏍咪咕体育, 名称: 五星体育, 总数: 3, 有效: 0, 有效率: 0.00%, IPv4: 3, IPv6: 0, 最小延迟: -1 ms, 最高速率: 0.00 M/s, 平均速率: 0.00 M/s, 最高分辨率: None, 平均帧率: 未知, 视频编解码器: 未知, 音频编解码器: 未知
分类: 🏍咪咕体育, 名称: 睛彩广场舞, 总数: 14, 有效: 2, 有效率: 14.29%, IPv4: 12, IPv6: 2, 最小延迟: 1161 ms, 最高速率: 2.04 M/s, 平均速率: 1.29 M/s, 最高分辨率: 1920x1080, 平均帧率: 25.00, 视频编解码器: h264, 音频编解码器: aac
分类: 🏍咪咕体育, 名称: 睛彩竞技, 总数: 18, 有效: 1, 有效率: 5.56%, IPv4: 18, IPv6: 0, 最小延迟: 1164 ms, 最高速率: 1.98 M/s, 平均速率: 1.98 M/s, 最高分辨率: 1920x1080, 平均帧率: 25.00, 视频编解码器: h264, 音频编解码器: aac
分类: 🏍咪咕体育, 名称: 山东体育, 总数: 5, 有效: 0, 有效率: 0.00%, IPv4: 5, IPv6: 0, 最小延迟: -1 ms, 最高速率: 0.00 M/s, 平均速率: 0.00 M/s, 最高分辨率: None, 平均帧率: 未知, 视频编解码器: 未知, 音频编解码器: 未知
分类: 🏍咪咕体育, 名称: 广东珠江, 总数: 33, 有效: 1, 有效率: 3.03%, IPv4: 30, IPv6: 3, 最小延迟: 216 ms, 最高速率: 51.29 M/s, 平均速率: 51.29 M/s, 最高分辨率: 1920x1080, 平均帧率: 25.00, 视频编解码器: h264, 音频编解码器: mp2
分类: 🏍咪咕体育, 名称: 武术世界, 总数: 10, 有效: 1, 有效率: 10.00%, IPv4: 10, IPv6: 0, 最小延迟: 1648 ms, 最高速率: 0.58 M/s, 平均速率: 0.58 M/s, 最高分辨率: 1920x1080, 平均帧率: 25.00, 视频编解码器: h264, 音频编解码器: aac
分类: 🏍咪咕体育, 名称: SPOTV, 总数: 1, 有效: 0, 有效率: 0.00%, IPv4: 1, IPv6: 0, 最小延迟: -1 ms, 最高速率: 0.00 M/s, 平均速率: 0.00 M/s, 最高分辨率: None, 平均帧率: 未知, 视频编解码器: 未知, 音频编解码器: 未知
分类: 🏍咪咕体育, 名称: 广东体育, 总数: 20, 有效: 2, 有效率: 10.00%, IPv4: 20, IPv6: 0, 最小延迟: 152 ms, 最高速率: 60.77 M/s, 平均速率: 35.77 M/s, 最高分辨率: 1920x1080, 平均帧率: 25.00, 视频编解码器: h264, 音频编解码器: mp2
分类: 🏍咪咕体育, 名称: 快乐垂钓, 总数: 35, 有效: 0, 有效率: 0.00%, IPv4: 35, IPv6: 0, 最小延迟: -1 ms, 最高速率: 0.00 M/s, 平均速率: 0.00 M/s, 最高分辨率: None, 平均帧率: 未知, 视频编解码器: 未知, 音频编解码器: 未知
分类: 🏀体育频道, 名称: 体育赛事, 总数: 13, 有效: 0, 有效率: 0.00%, IPv4: 13, IPv6: 0, 最小延迟: -1 ms, 最高速率: 0.00 M/s, 平均速率: 0.00 M/s, 最高分辨率: None, 平均帧率: 未知, 视频编解码器: 未知, 音频编解码器: 未知
分类: 🏀体育频道, 名称: 深圳体育, 总数: 1, 有效: 0, 有效率: 0.00%, IPv4: 1, IPv6: 0, 最小延迟: -1 ms, 最高速率: 0.00 M/s, 平均速率: 0.00 M/s, 最高分辨率: None, 平均帧率: 未知, 视频编解码器: 未知, 音频编解码器: 未知
分类: 🏀体育频道, 名称: 爱体育, 总数: 4, 有效: 0, 有效率: 0.00%, IPv4: 0, IPv6: 4, 最小延迟: -1 ms, 最高速率: 0.00 M/s, 平均速率: 0.00 M/s, 最高分辨率: None, 平均帧率: 未知, 视频编解码器: 未知, 音频编解码器: 未知
分类: 🏀体育频道, 名称: 超级体育, 总数: 8, 有效: 0, 有效率: 0.00%, IPv4: 6, IPv6: 2, 最小延迟: -1 ms, 最高速率: 0.00 M/s, 平均速率: 0.00 M/s, 最高分辨率: None, 平均帧率: 未知, 视频编解码器: 未知, 音频编解码器: 未知
分类: 🏀体育频道, 名称: 精品体育, 总数: 7, 有效: 0, 有效率: 0.00%, IPv4: 4, IPv6: 3, 最小延迟: -1 ms, 最高速率: 0.00 M/s, 平均速率: 0.00 M/s, 最高分辨率: None, 平均帧率: 未知, 视频编解码器: 未知, 音频编解码器: 未知
分类: 🏀体育频道, 名称: 广州竞赛, 总数: 2, 有效: 0, 有效率: 0.00%, IPv4: 2, IPv6: 0, 最小延迟: -1 ms, 最高速率: 0.00 M/s, 平均速率: 0.00 M/s, 最高分辨率: None, 平均帧率: 未知, 视频编解码器: 未知, 音频编解码器: 未知
分类: 🏀体育频道, 名称: 天津体育, 总数: 2, 有效: 0, 有效率: 0.00%, IPv4: 2, IPv6: 0, 最小延迟: -1 ms, 最高速率: 0.00 M/s, 平均速率: 0.00 M/s, 最高分辨率: None, 平均帧率: 未知, 视频编解码器: 未知, 音频编解码器: 未知
分类: 🏀体育频道, 名称: 福建体育, 总数: 4, 有效: 0, 有效率: 0.00%, IPv4: 4, IPv6: 0, 最小延迟: -1 ms, 最高速率: 0.00 M/s, 平均速率: 0.00 M/s, 最高分辨率: None, 平均帧率: 未知, 视频编解码器: 未知, 音频编解码器: 未知
分类: 🏀体育频道, 名称: 辽宁体育, 总数: 4, 有效: 0, 有效率: 0.00%, IPv4: 4, IPv6: 0, 最小延迟: -1 ms, 最高速率: 0.00 M/s, 平均速率: 0.00 M/s, 最高分辨率: None, 平均帧率: 未知, 视频编解码器: 未知, 音频编解码器: 未知
分类: 🏀体育频道, 名称: 江苏体育, 总数: 8, 有效: 0, 有效率: 0.00%, IPv4: 8, IPv6: 0, 最小延迟: -1 ms, 最高速率: 0.00 M/s, 平均速率: 0.00 M/s, 最高分辨率: None, 平均帧率: 未知, 视频编解码器: 未知, 音频编解码器: 未知
分类: 🏀体育频道, 名称: 吉林篮球, 总数: 3, 有效: 0, 有效率: 0.00%, IPv4: 3, IPv6: 0, 最小延迟: -1 ms, 最高速率: 0.00 M/s, 平均速率: 0.00 M/s, 最高分辨率: None, 平均帧率: 未知, 视频编解码器: 未知, 音频编解码器: 未知
分类: 🏀体育频道, 名称: 劲爆体育, 总数: 1, 有效: 1, 有效率: 100.00%, IPv4: 1, IPv6: 0, 最小延迟: 7736 ms, 最高速率: 0.75 M/s, 平均速率: 0.75 M/s, 最高分辨率: 1920x1080, 平均帧率: 50.00, 视频编解码器: h264, 音频编解码器: mp2
分类: 🏀体育频道, 名称: 魅力足球, 总数: 12, 有效: 0, 有效率: 0.00%, IPv4: 12, IPv6: 0, 最小延迟: -1 ms, 最高速率: 0.00 M/s, 平均速率: 0.00 M/s, 最高分辨率: None, 平均帧率: 未知, 视频编解码器: 未知, 音频编解码器: 未知
分类: 🏛经典剧场, 名称: 西游记, 总数: 1, 有效: 0, 有效率: 0.00%, IPv4: 1, IPv6: 0, 最小延迟: -1 ms, 最高速率: 0.00 M/s, 平均速率: 0.00 M/s, 最高分辨率: None, 平均帧率: 未知, 视频编解码器: 未知, 音频编解码器: 未知
分类: 🏛经典剧场, 名称: 水浒传, 总数: 1, 有效: 0, 有效率: 0.00%, IPv4: 0, IPv6: 1, 最小延迟: -1 ms, 最高速率: 0.00 M/s, 平均速率: 0.00 M/s, 最高分辨率: None, 平均帧率: 未知, 视频编解码器: 未知, 音频编解码器: 未知
分类: 🏛经典剧场, 名称: 笑傲江湖, 总数: 3, 有效: 0, 有效率: 0.00%, IPv4: 3, IPv6: 0, 最小延迟: -1 ms, 最高速率: 0.00 M/s, 平均速率: 0.00 M/s, 最高分辨率: None, 平均帧率: 未知, 视频编解码器: 未知, 音频编解码器: 未知
分类: 🏛经典剧场, 名称: 射雕英雄传, 总数: 1, 有效: 0, 有效率: 0.00%, IPv4: 1, IPv6: 0, 最小延迟: -1 ms, 最高速率: 0.00 M/s, 平均速率: 0.00 M/s, 最高分辨率: None, 平均帧率: 未知, 视频编解码器: 未知, 音频编解码器: 未知
分类: 🏀体育频道, 名称: 天元围棋, 总数: 17, 有效: 0, 有效率: 0.00%, IPv4: 17, IPv6: 0, 最小延迟: -1 ms, 最高速率: 0.00 M/s, 平均速率: 0.00 M/s, 最高分辨率: None, 平均帧率: 未知, 视频编解码器: 未知, 音频编解码器: 未知
分类: 🏛经典剧场, 名称: 闯关东, 总数: 1, 有效: 0, 有效率: 0.00%, IPv4: 1, IPv6: 0, 最小延迟: -1 ms, 最高速率: 0.00 M/s, 平均速率: 0.00 M/s, 最高分辨率: None, 平均帧率: 未知, 视频编解码器: 未知, 音频编解码器: 未知
分类: 🏀体育频道, 名称: 睛彩羽毛球, 总数: 9, 有效: 0, 有效率: 0.00%, IPv4: 9, IPv6: 0, 最小延迟: 2151 ms, 最高速率: 0.29 M/s, 平均速率: 0.00 M/s, 最高分辨率: 1920x1080, 平均帧率: 25.00, 视频编解码器: h264, 音频编解码器: mp2
分类: 🏀体育频道, 名称: 安徽综艺体育, 总数: 6, 有效: 0, 有效率: 0.00%, IPv4: 6, IPv6: 0, 最小延迟: 8404 ms, 最高速率: 0.08 M/s, 平均速率: 0.00 M/s, 最高分辨率: None, 平均帧率: 未知, 视频编解码器: 未知, 音频编解码器: 未知
